[2026-09-17 13:14:20.487] [INFO] [Thread: main           ] [REGISTER_USER] Registered customer: User[ID=USR-1268, Name='Test User One', Email='test1@bank.com', Phone='9876543210']
[2026-09-17 13:14:20.543] [INFO] [Thread: main           ] [CREATE_ACCOUNT] Created account: SB906151 for User: USR-1268
[2026-09-17 13:14:20.559] [INFO] [Thread: main           ] [REGISTER_USER] Registered customer: User[ID=USR-7931, Name='Security Tester', Email='sec@bank.com', Phone='9998887770']
[2026-09-17 13:14:20.593] [INFO] [Thread: main           ] [CREATE_ACCOUNT] Created account: SB316554 for User: USR-7931
[2026-09-17 13:14:20.617] [INFO] [Thread: main           ] [REGISTER_USER] Registered customer: User[ID=USR-8130, Name='Transfer Tester', Email='tx@bank.com', Phone='9112233445']
[2026-09-17 13:14:20.654] [INFO] [Thread: main           ] [CREATE_ACCOUNT] Created account: SB256899 for User: USR-8130
[2026-09-17 13:14:20.687] [INFO] [Thread: main           ] [CREATE_ACCOUNT] Created account: SB936433 for User: USR-8130
[2026-09-17 13:14:20.732] [INFO] [Thread: main           ] [TRANSFER] Transferred ₹2000.00 from SB256899 (Bal: ₹8000.00) to SB936433 (Bal: ₹7000.00)
[2026-09-17 13:14:20.748] [INFO] [Thread: main           ] [REGISTER_USER] Registered customer: User[ID=USR-7777, Name='Low Bal User', Email='low@bank.com', Phone='9776655443']
[2026-09-17 13:14:20.779] [INFO] [Thread: main           ] [CREATE_ACCOUNT] Created account: SB142162 for User: USR-7777
[2026-09-17 13:14:20.796] [INFO] [Thread: main           ] [REGISTER_USER] Registered customer: User[ID=USR-2316, Name='Export Tester', Email='exp@bank.com', Phone='9665544332']
[2026-09-17 13:14:20.827] [INFO] [Thread: main           ] [CREATE_ACCOUNT] Created account: SB391425 for User: USR-2316
[2026-09-17 13:14:20.856] [INFO] [Thread: main           ] [DEPOSIT] Acc: SB391425 | +₹5000.00 | Bal: ₹20000.00
[2026-09-17 13:14:20.888] [INFO] [Thread: main           ] [WITHDRAW] Acc: SB391425 | -₹2000.00 | Bal: ₹18000.00
[2026-09-17 13:14:20.918] [INFO] [Thread: main           ] [STATEMENT_EXPORT] Generated text statement for SB391425 -> Statement_SB391425_20260917_131420.txt
[2026-09-17 13:14:20.922] [INFO] [Thread: main           ] [STATEMENT_CSV_EXPORT] Generated CSV statement for SB391425 -> Statement_SB391425_20260917_131420.csv
[2026-09-17 13:14:20.939] [INFO] [Thread: main           ] [REGISTER_USER] Registered customer: User[ID=USR-4415, Name='Concurrency Tester', Email='conc@bank.com', Phone='9554433221']
[2026-09-17 13:14:20.963] [INFO] [Thread: main           ] [CREATE_ACCOUNT] Created account: SB858726 for User: USR-4415
[2026-09-17 13:14:20.987] [INFO] [Thread: main           ] [CREATE_ACCOUNT] Created account: SB986388 for User: USR-4415
[2026-09-17 13:14:21.031] [INFO] [Thread: pool-1-thread-5] [TRANSFER] Transferred ₹250.00 from SB858726 (Bal: ₹49750.00) to SB986388 (Bal: ₹50250.00)
[2026-09-17 13:14:21.062] [INFO] [Thread: pool-1-thread-7] [TRANSFER] Transferred ₹250.00 from SB858726 (Bal: ₹49500.00) to SB986388 (Bal: ₹50500.00)
[2026-09-17 13:14:21.094] [INFO] [Thread: pool-1-thread-6] [TRANSFER] Transferred ₹250.00 from SB986388 (Bal: ₹50250.00) to SB858726 (Bal: ₹49750.00)
[2026-09-17 13:14:21.130] [INFO] [Thread: pool-1-thread-1] [TRANSFER] Transferred ₹250.00 from SB858726 (Bal: ₹49500.00) to SB986388 (Bal: ₹50500.00)
[2026-09-17 13:14:21.161] [INFO] [Thread: pool-1-thread-8] [TRANSFER] Transferred ₹250.00 from SB986388 (Bal: ₹50250.00) to SB858726 (Bal: ₹49750.00)
[2026-09-17 13:14:21.192] [INFO] [Thread: pool-1-thread-2] [TRANSFER] Transferred ₹250.00 from SB986388 (Bal: ₹50000.00) to SB858726 (Bal: ₹50000.00)
[2026-09-17 13:14:21.224] [INFO] [Thread: pool-1-thread-10] [TRANSFER] Transferred ₹250.00 from SB986388 (Bal: ₹49750.00) to SB858726 (Bal: ₹50250.00)
[2026-09-17 13:14:21.256] [INFO] [Thread: pool-1-thread-4] [TRANSFER] Transferred ₹250.00 from SB986388 (Bal: ₹49500.00) to SB858726 (Bal: ₹50500.00)
[2026-09-17 13:14:21.291] [INFO] [Thread: pool-1-thread-9] [TRANSFER] Transferred ₹250.00 from SB858726 (Bal: ₹50250.00) to SB986388 (Bal: ₹49750.00)
[2026-09-17 13:14:21.321] [INFO] [Thread: pool-1-thread-3] [TRANSFER] Transferred ₹250.00 from SB858726 (Bal: ₹50000.00) to SB986388 (Bal: ₹50000.00)
[2026-09-17 13:14:21.350] [INFO] [Thread: pool-1-thread-5] [TRANSFER] Transferred ₹250.00 from SB858726 (Bal: ₹49750.00) to SB986388 (Bal: ₹50250.00)
[2026-09-17 13:14:21.379] [INFO] [Thread: pool-1-thread-7] [TRANSFER] Transferred ₹250.00 from SB986388 (Bal: ₹50000.00) to SB858726 (Bal: ₹50000.00)
[2026-09-17 13:14:21.410] [INFO] [Thread: pool-1-thread-6] [TRANSFER] Transferred ₹250.00 from SB858726 (Bal: ₹49750.00) to SB986388 (Bal: ₹50250.00)
[2026-09-17 13:14:21.438] [INFO] [Thread: pool-1-thread-1] [TRANSFER] Transferred ₹250.00 from SB986388 (Bal: ₹50000.00) to SB858726 (Bal: ₹50000.00)
[2026-09-17 13:14:21.467] [INFO] [Thread: pool-1-thread-8] [TRANSFER] Transferred ₹250.00 from SB858726 (Bal: ₹49750.00) to SB986388 (Bal: ₹50250.00)
[2026-09-17 13:14:21.501] [INFO] [Thread: pool-1-thread-2] [TRANSFER] Transferred ₹250.00 from SB986388 (Bal: ₹50000.00) to SB858726 (Bal: ₹50000.00)
[2026-09-17 13:14:21.536] [INFO] [Thread: pool-1-thread-10] [TRANSFER] Transferred ₹250.00 from SB858726 (Bal: ₹49750.00) to SB986388 (Bal: ₹50250.00)
[2026-09-17 13:14:21.564] [INFO] [Thread: pool-1-thread-4] [TRANSFER] Transferred ₹250.00 from SB986388 (Bal: ₹50000.00) to SB858726 (Bal: ₹50000.00)
[2026-09-17 13:14:21.592] [INFO] [Thread: pool-1-thread-9] [TRANSFER] Transferred ₹250.00 from SB858726 (Bal: ₹49750.00) to SB986388 (Bal: ₹50250.00)
[2026-09-17 13:14:21.624] [INFO] [Thread: pool-1-thread-3] [TRANSFER] Transferred ₹250.00 from SB986388 (Bal: ₹50000.00) to SB858726 (Bal: ₹50000.00)
[2026-09-17 13:14:21.662] [INFO] [Thread: pool-1-thread-5] [TRANSFER] Transferred ₹250.00 from SB858726 (Bal: ₹49750.00) to SB986388 (Bal: ₹50250.00)
[2026-09-17 13:14:21.699] [INFO] [Thread: pool-1-thread-7] [TRANSFER] Transferred ₹250.00 from SB986388 (Bal: ₹50000.00) to SB858726 (Bal: ₹50000.00)
[2026-09-17 13:14:21.737] [INFO] [Thread: pool-1-thread-6] [TRANSFER] Transferred ₹250.00 from SB858726 (Bal: ₹49750.00) to SB986388 (Bal: ₹50250.00)
[2026-09-17 13:14:21.780] [INFO] [Thread: pool-1-thread-1] [TRANSFER] Transferred ₹250.00 from SB986388 (Bal: ₹50000.00) to SB858726 (Bal: ₹50000.00)
[2026-09-17 13:14:21.826] [INFO] [Thread: pool-1-thread-8] [TRANSFER] Transferred ₹250.00 from SB858726 (Bal: ₹49750.00) to SB986388 (Bal: ₹50250.00)
[2026-09-17 13:14:21.869] [INFO] [Thread: pool-1-thread-2] [TRANSFER] Transferred ₹250.00 from SB986388 (Bal: ₹50000.00) to SB858726 (Bal: ₹50000.00)
[2026-09-17 13:14:21.922] [INFO] [Thread: pool-1-thread-10] [TRANSFER] Transferred ₹250.00 from SB858726 (Bal: ₹49750.00) to SB986388 (Bal: ₹50250.00)
[2026-09-17 13:14:21.974] [INFO] [Thread: pool-1-thread-4] [TRANSFER] Transferred ₹250.00 from SB986388 (Bal: ₹50000.00) to SB858726 (Bal: ₹50000.00)
[2026-09-17 13:14:22.020] [INFO] [Thread: pool-1-thread-9] [TRANSFER] Transferred ₹250.00 from SB858726 (Bal: ₹49750.00) to SB986388 (Bal: ₹50250.00)
[2026-09-17 13:14:22.066] [INFO] [Thread: pool-1-thread-3] [TRANSFER] Transferred ₹250.00 from SB986388 (Bal: ₹50000.00) to SB858726 (Bal: ₹50000.00)
[2026-09-17 13:14:22.116] [INFO] [Thread: pool-1-thread-5] [TRANSFER] Transferred ₹250.00 from SB858726 (Bal: ₹49750.00) to SB986388 (Bal: ₹50250.00)
[2026-09-17 13:14:22.157] [INFO] [Thread: pool-1-thread-7] [TRANSFER] Transferred ₹250.00 from SB986388 (Bal: ₹50000.00) to SB858726 (Bal: ₹50000.00)
[2026-09-17 13:14:22.194] [INFO] [Thread: pool-1-thread-6] [TRANSFER] Transferred ₹250.00 from SB858726 (Bal: ₹49750.00) to SB986388 (Bal: ₹50250.00)
[2026-09-17 13:14:22.234] [INFO] [Thread: pool-1-thread-1] [TRANSFER] Transferred ₹250.00 from SB986388 (Bal: ₹50000.00) to SB858726 (Bal: ₹50000.00)
[2026-09-17 13:14:22.270] [INFO] [Thread: pool-1-thread-8] [TRANSFER] Transferred ₹250.00 from SB858726 (Bal: ₹49750.00) to SB986388 (Bal: ₹50250.00)
[2026-09-17 13:14:22.310] [INFO] [Thread: pool-1-thread-2] [TRANSFER] Transferred ₹250.00 from SB986388 (Bal: ₹50000.00) to SB858726 (Bal: ₹50000.00)
[2026-09-17 13:14:22.344] [INFO] [Thread: pool-1-thread-10] [TRANSFER] Transferred ₹250.00 from SB858726 (Bal: ₹49750.00) to SB986388 (Bal: ₹50250.00)
[2026-09-17 13:14:22.374] [INFO] [Thread: pool-1-thread-4] [TRANSFER] Transferred ₹250.00 from SB986388 (Bal: ₹50000.00) to SB858726 (Bal: ₹50000.00)
[2026-09-17 13:14:22.406] [INFO] [Thread: pool-1-thread-9] [TRANSFER] Transferred ₹250.00 from SB858726 (Bal: ₹49750.00) to SB986388 (Bal: ₹50250.00)
[2026-09-17 13:14:22.436] [INFO] [Thread: pool-1-thread-3] [TRANSFER] Transferred ₹250.00 from SB986388 (Bal: ₹50000.00) to SB858726 (Bal: ₹50000.00)
[2026-09-17 13:18:10.292] [INFO] [Thread: main           ] [REGISTER_USER] Registered customer: User[ID=USR-7755, Name='Test User One', Email='test1@bank.com', Phone='9876543210']
[2026-09-17 13:18:10.359] [INFO] [Thread: main           ] [CREATE_ACCOUNT] Created account: SB913819 for User: USR-7755
[2026-09-17 13:18:10.379] [INFO] [Thread: main           ] [REGISTER_USER] Registered customer: User[ID=USR-3922, Name='Security Tester', Email='sec@bank.com', Phone='9998887770']
[2026-09-17 13:18:10.423] [INFO] [Thread: main           ] [CREATE_ACCOUNT] Created account: SB378525 for User: USR-3922
[2026-09-17 13:18:10.443] [INFO] [Thread: main           ] [REGISTER_USER] Registered customer: User[ID=USR-9675, Name='Transfer Tester', Email='tx@bank.com', Phone='9112233445']
[2026-09-17 13:18:10.485] [INFO] [Thread: main           ] [CREATE_ACCOUNT] Created account: SB247440 for User: USR-9675
[2026-09-17 13:18:10.523] [INFO] [Thread: main           ] [CREATE_ACCOUNT] Created account: SB171481 for User: USR-9675
[2026-09-17 13:18:10.572] [INFO] [Thread: main           ] [TRANSFER] Transferred ₹2000.00 from SB247440 (Bal: ₹8000.00) to SB171481 (Bal: ₹7000.00)
[2026-09-17 13:18:10.591] [INFO] [Thread: main           ] [REGISTER_USER] Registered customer: User[ID=USR-6298, Name='Low Bal User', Email='low@bank.com', Phone='9776655443']
[2026-09-17 13:18:10.631] [INFO] [Thread: main           ] [CREATE_ACCOUNT] Created account: SB849614 for User: USR-6298
[2026-09-17 13:18:10.649] [INFO] [Thread: main           ] [REGISTER_USER] Registered customer: User[ID=USR-5868, Name='Export Tester', Email='exp@bank.com', Phone='9665544332']
[2026-09-17 13:18:10.687] [INFO] [Thread: main           ] [CREATE_ACCOUNT] Created account: SB671406 for User: USR-5868
[2026-09-17 13:18:10.718] [INFO] [Thread: main           ] [DEPOSIT] Acc: SB671406 | +₹5000.00 | Bal: ₹20000.00
[2026-09-17 13:18:10.750] [INFO] [Thread: main           ] [WITHDRAW] Acc: SB671406 | -₹2000.00 | Bal: ₹18000.00
[2026-09-17 13:18:10.767] [INFO] [Thread: main           ] [STATEMENT_EXPORT] Generated text statement for SB671406 -> Statement_SB671406_20260917_131810.txt
[2026-09-17 13:18:10.772] [INFO] [Thread: main           ] [STATEMENT_CSV_EXPORT] Generated CSV statement for SB671406 -> Statement_SB671406_20260917_131810.csv
[2026-09-17 13:18:10.793] [INFO] [Thread: main           ] [REGISTER_USER] Registered customer: User[ID=USR-5319, Name='Concurrency Tester', Email='conc@bank.com', Phone='9554433221']
[2026-09-17 13:18:10.831] [INFO] [Thread: main           ] [CREATE_ACCOUNT] Created account: SB116825 for User: USR-5319
[2026-09-17 13:18:10.871] [INFO] [Thread: main           ] [CREATE_ACCOUNT] Created account: SB763197 for User: USR-5319
[2026-09-17 13:18:10.950] [INFO] [Thread: pool-1-thread-4] [TRANSFER] Transferred ₹250.00 from SB763197 (Bal: ₹49750.00) to SB116825 (Bal: ₹50250.00)
[2026-09-17 13:18:10.998] [INFO] [Thread: pool-1-thread-1] [TRANSFER] Transferred ₹250.00 from SB116825 (Bal: ₹50000.00) to SB763197 (Bal: ₹50000.00)
[2026-09-17 13:18:11.051] [INFO] [Thread: pool-1-thread-3] [TRANSFER] Transferred ₹250.00 from SB116825 (Bal: ₹49750.00) to SB763197 (Bal: ₹50250.00)
[2026-09-17 13:18:11.104] [INFO] [Thread: pool-1-thread-2] [TRANSFER] Transferred ₹250.00 from SB763197 (Bal: ₹50000.00) to SB116825 (Bal: ₹50000.00)
[2026-09-17 13:18:11.152] [INFO] [Thread: pool-1-thread-5] [TRANSFER] Transferred ₹250.00 from SB116825 (Bal: ₹49750.00) to SB763197 (Bal: ₹50250.00)
[2026-09-17 13:18:11.197] [INFO] [Thread: pool-1-thread-6] [TRANSFER] Transferred ₹250.00 from SB763197 (Bal: ₹50000.00) to SB116825 (Bal: ₹50000.00)
[2026-09-17 13:18:11.246] [INFO] [Thread: pool-1-thread-7] [TRANSFER] Transferred ₹250.00 from SB116825 (Bal: ₹49750.00) to SB763197 (Bal: ₹50250.00)
[2026-09-17 13:18:11.290] [INFO] [Thread: pool-1-thread-8] [TRANSFER] Transferred ₹250.00 from SB763197 (Bal: ₹50000.00) to SB116825 (Bal: ₹50000.00)
[2026-09-17 13:18:11.334] [INFO] [Thread: pool-1-thread-9] [TRANSFER] Transferred ₹250.00 from SB116825 (Bal: ₹49750.00) to SB763197 (Bal: ₹50250.00)
[2026-09-17 13:18:11.380] [INFO] [Thread: pool-1-thread-10] [TRANSFER] Transferred ₹250.00 from SB763197 (Bal: ₹50000.00) to SB116825 (Bal: ₹50000.00)
[2026-09-17 13:18:11.428] [INFO] [Thread: pool-1-thread-4] [TRANSFER] Transferred ₹250.00 from SB116825 (Bal: ₹49750.00) to SB763197 (Bal: ₹50250.00)
[2026-09-17 13:18:11.469] [INFO] [Thread: pool-1-thread-1] [TRANSFER] Transferred ₹250.00 from SB763197 (Bal: ₹50000.00) to SB116825 (Bal: ₹50000.00)
[2026-09-17 13:18:11.517] [INFO] [Thread: pool-1-thread-3] [TRANSFER] Transferred ₹250.00 from SB116825 (Bal: ₹49750.00) to SB763197 (Bal: ₹50250.00)
[2026-09-17 13:18:11.561] [INFO] [Thread: pool-1-thread-2] [TRANSFER] Transferred ₹250.00 from SB763197 (Bal: ₹50000.00) to SB116825 (Bal: ₹50000.00)
[2026-09-17 13:18:11.613] [INFO] [Thread: pool-1-thread-5] [TRANSFER] Transferred ₹250.00 from SB116825 (Bal: ₹49750.00) to SB763197 (Bal: ₹50250.00)
[2026-09-17 13:18:11.667] [INFO] [Thread: pool-1-thread-6] [TRANSFER] Transferred ₹250.00 from SB763197 (Bal: ₹50000.00) to SB116825 (Bal: ₹50000.00)
[2026-09-17 13:18:11.717] [INFO] [Thread: pool-1-thread-7] [TRANSFER] Transferred ₹250.00 from SB116825 (Bal: ₹49750.00) to SB763197 (Bal: ₹50250.00)
[2026-09-17 13:18:11.764] [INFO] [Thread: pool-1-thread-8] [TRANSFER] Transferred ₹250.00 from SB763197 (Bal: ₹50000.00) to SB116825 (Bal: ₹50000.00)
[2026-09-17 13:18:11.823] [INFO] [Thread: pool-1-thread-9] [TRANSFER] Transferred ₹250.00 from SB116825 (Bal: ₹49750.00) to SB763197 (Bal: ₹50250.00)
[2026-09-17 13:18:11.893] [INFO] [Thread: pool-1-thread-10] [TRANSFER] Transferred ₹250.00 from SB763197 (Bal: ₹50000.00) to SB116825 (Bal: ₹50000.00)
[2026-09-17 13:18:11.958] [INFO] [Thread: pool-1-thread-4] [TRANSFER] Transferred ₹250.00 from SB116825 (Bal: ₹49750.00) to SB763197 (Bal: ₹50250.00)
[2026-09-17 13:18:12.024] [INFO] [Thread: pool-1-thread-1] [TRANSFER] Transferred ₹250.00 from SB763197 (Bal: ₹50000.00) to SB116825 (Bal: ₹50000.00)
[2026-09-17 13:18:12.104] [INFO] [Thread: pool-1-thread-3] [TRANSFER] Transferred ₹250.00 from SB116825 (Bal: ₹49750.00) to SB763197 (Bal: ₹50250.00)
[2026-09-17 13:18:12.183] [INFO] [Thread: pool-1-thread-2] [TRANSFER] Transferred ₹250.00 from SB763197 (Bal: ₹50000.00) to SB116825 (Bal: ₹50000.00)
[2026-09-17 13:18:12.257] [INFO] [Thread: pool-1-thread-5] [TRANSFER] Transferred ₹250.00 from SB116825 (Bal: ₹49750.00) to SB763197 (Bal: ₹50250.00)
[2026-09-17 13:18:12.328] [INFO] [Thread: pool-1-thread-6] [TRANSFER] Transferred ₹250.00 from SB763197 (Bal: ₹50000.00) to SB116825 (Bal: ₹50000.00)
[2026-09-17 13:18:12.381] [INFO] [Thread: pool-1-thread-7] [TRANSFER] Transferred ₹250.00 from SB116825 (Bal: ₹49750.00) to SB763197 (Bal: ₹50250.00)
[2026-09-17 13:18:12.432] [INFO] [Thread: pool-1-thread-8] [TRANSFER] Transferred ₹250.00 from SB763197 (Bal: ₹50000.00) to SB116825 (Bal: ₹50000.00)
[2026-09-17 13:18:12.486] [INFO] [Thread: pool-1-thread-9] [TRANSFER] Transferred ₹250.00 from SB116825 (Bal: ₹49750.00) to SB763197 (Bal: ₹50250.00)
[2026-09-17 13:18:12.541] [INFO] [Thread: pool-1-thread-10] [TRANSFER] Transferred ₹250.00 from SB763197 (Bal: ₹50000.00) to SB116825 (Bal: ₹50000.00)
[2026-09-17 13:18:12.597] [INFO] [Thread: pool-1-thread-4] [TRANSFER] Transferred ₹250.00 from SB116825 (Bal: ₹49750.00) to SB763197 (Bal: ₹50250.00)
[2026-09-17 13:18:12.654] [INFO] [Thread: pool-1-thread-1] [TRANSFER] Transferred ₹250.00 from SB763197 (Bal: ₹50000.00) to SB116825 (Bal: ₹50000.00)
[2026-09-17 13:18:12.708] [INFO] [Thread: pool-1-thread-3] [TRANSFER] Transferred ₹250.00 from SB116825 (Bal: ₹49750.00) to SB763197 (Bal: ₹50250.00)
[2026-09-17 13:18:12.765] [INFO] [Thread: pool-1-thread-2] [TRANSFER] Transferred ₹250.00 from SB763197 (Bal: ₹50000.00) to SB116825 (Bal: ₹50000.00)
[2026-09-17 13:18:12.816] [INFO] [Thread: pool-1-thread-5] [TRANSFER] Transferred ₹250.00 from SB116825 (Bal: ₹49750.00) to SB763197 (Bal: ₹50250.00)
[2026-09-17 13:18:12.876] [INFO] [Thread: pool-1-thread-6] [TRANSFER] Transferred ₹250.00 from SB763197 (Bal: ₹50000.00) to SB116825 (Bal: ₹50000.00)
[2026-09-17 13:18:12.931] [INFO] [Thread: pool-1-thread-7] [TRANSFER] Transferred ₹250.00 from SB116825 (Bal: ₹49750.00) to SB763197 (Bal: ₹50250.00)
[2026-09-17 13:18:12.982] [INFO] [Thread: pool-1-thread-8] [TRANSFER] Transferred ₹250.00 from SB763197 (Bal: ₹50000.00) to SB116825 (Bal: ₹50000.00)
[2026-09-17 13:18:13.034] [INFO] [Thread: pool-1-thread-9] [TRANSFER] Transferred ₹250.00 from SB116825 (Bal: ₹49750.00) to SB763197 (Bal: ₹50250.00)
[2026-09-17 13:18:13.086] [INFO] [Thread: pool-1-thread-10] [TRANSFER] Transferred ₹250.00 from SB763197 (Bal: ₹50000.00) to SB116825 (Bal: ₹50000.00)
[2026-09-18 16:02:09.345] [INFO] [Thread: main           ] [SYSTEM_START] Smart Banking & Concurrent Transaction System started.
[2026-09-18 16:05:36.553] [INFO] [Thread: main           ] [REGISTER_USER] Registered customer: User[ID=USR-8120, Name='Test User One', Email='test1@bank.com', Phone='9876543210']
[2026-09-18 16:05:36.581] [INFO] [Thread: main           ] [CREATE_ACCOUNT] Created account: SB650049 for User: USR-8120
[2026-09-18 16:05:36.591] [INFO] [Thread: main           ] [REGISTER_USER] Registered customer: User[ID=USR-1065, Name='Security Tester', Email='sec@bank.com', Phone='9998887770']
[2026-09-18 16:05:36.610] [INFO] [Thread: main           ] [CREATE_ACCOUNT] Created account: SB955814 for User: USR-1065
[2026-09-18 16:05:36.623] [INFO] [Thread: main           ] [REGISTER_USER] Registered customer: User[ID=USR-6824, Name='Transfer Tester', Email='tx@bank.com', Phone='9112233445']
[2026-09-18 16:05:36.641] [INFO] [Thread: main           ] [CREATE_ACCOUNT] Created account: SB509376 for User: USR-6824
[2026-09-18 16:05:36.660] [INFO] [Thread: main           ] [CREATE_ACCOUNT] Created account: SB706673 for User: USR-6824
[2026-09-18 16:05:36.686] [INFO] [Thread: main           ] [TRANSFER] Transferred ₹2000.00 from SB509376 (Bal: ₹8000.00) to SB706673 (Bal: ₹7000.00)
[2026-09-18 16:05:36.696] [INFO] [Thread: main           ] [REGISTER_USER] Registered customer: User[ID=USR-8637, Name='Low Bal User', Email='low@bank.com', Phone='9776655443']
[2026-09-18 16:05:36.715] [INFO] [Thread: main           ] [CREATE_ACCOUNT] Created account: SB415835 for User: USR-8637
[2026-09-18 16:05:36.725] [INFO] [Thread: main           ] [REGISTER_USER] Registered customer: User[ID=USR-6168, Name='Export Tester', Email='exp@bank.com', Phone='9665544332']
[2026-09-18 16:05:36.746] [INFO] [Thread: main           ] [CREATE_ACCOUNT] Created account: SB551626 for User: USR-6168
[2026-09-18 16:05:36.764] [INFO] [Thread: main           ] [DEPOSIT] Acc: SB551626 | +₹5000.00 | Bal: ₹20000.00
[2026-09-18 16:05:36.778] [INFO] [Thread: main           ] [WITHDRAW] Acc: SB551626 | -₹2000.00 | Bal: ₹18000.00
[2026-09-18 16:05:36.785] [INFO] [Thread: main           ] [STATEMENT_EXPORT] Generated text statement for SB551626 -> Statement_SB551626_20260918_160536.txt
[2026-09-18 16:05:36.788] [INFO] [Thread: main           ] [STATEMENT_CSV_EXPORT] Generated CSV statement for SB551626 -> Statement_SB551626_20260918_160536.csv
[2026-09-18 16:05:36.796] [INFO] [Thread: main           ] [REGISTER_USER] Registered customer: User[ID=USR-9488, Name='Concurrency Tester', Email='conc@bank.com', Phone='9554433221']
[2026-09-18 16:05:36.814] [INFO] [Thread: main           ] [CREATE_ACCOUNT] Created account: SB801881 for User: USR-9488
[2026-09-18 16:05:36.831] [INFO] [Thread: main           ] [CREATE_ACCOUNT] Created account: SB341567 for User: USR-9488
[2026-09-18 16:05:36.862] [INFO] [Thread: pool-1-thread-4] [TRANSFER] Transferred ₹250.00 from SB341567 (Bal: ₹49750.00) to SB801881 (Bal: ₹50250.00)
[2026-09-18 16:05:36.887] [INFO] [Thread: pool-1-thread-3] [TRANSFER] Transferred ₹250.00 from SB801881 (Bal: ₹50000.00) to SB341567 (Bal: ₹50000.00)
[2026-09-18 16:05:36.911] [INFO] [Thread: pool-1-thread-10] [TRANSFER] Transferred ₹250.00 from SB341567 (Bal: ₹49750.00) to SB801881 (Bal: ₹50250.00)
[2026-09-18 16:05:36.936] [INFO] [Thread: pool-1-thread-2] [TRANSFER] Transferred ₹250.00 from SB341567 (Bal: ₹49500.00) to SB801881 (Bal: ₹50500.00)
[2026-09-18 16:05:36.962] [INFO] [Thread: pool-1-thread-7] [TRANSFER] Transferred ₹250.00 from SB801881 (Bal: ₹50250.00) to SB341567 (Bal: ₹49750.00)
[2026-09-18 16:05:36.986] [INFO] [Thread: pool-1-thread-1] [TRANSFER] Transferred ₹250.00 from SB801881 (Bal: ₹50000.00) to SB341567 (Bal: ₹50000.00)
[2026-09-18 16:05:37.011] [INFO] [Thread: pool-1-thread-8] [TRANSFER] Transferred ₹250.00 from SB341567 (Bal: ₹49750.00) to SB801881 (Bal: ₹50250.00)
[2026-09-18 16:05:37.036] [INFO] [Thread: pool-1-thread-6] [TRANSFER] Transferred ₹250.00 from SB341567 (Bal: ₹49500.00) to SB801881 (Bal: ₹50500.00)
[2026-09-18 16:05:37.059] [INFO] [Thread: pool-1-thread-5] [TRANSFER] Transferred ₹250.00 from SB801881 (Bal: ₹50250.00) to SB341567 (Bal: ₹49750.00)
[2026-09-18 16:05:37.081] [INFO] [Thread: pool-1-thread-9] [TRANSFER] Transferred ₹250.00 from SB801881 (Bal: ₹50000.00) to SB341567 (Bal: ₹50000.00)
[2026-09-18 16:05:37.104] [INFO] [Thread: pool-1-thread-4] [TRANSFER] Transferred ₹250.00 from SB801881 (Bal: ₹49750.00) to SB341567 (Bal: ₹50250.00)
[2026-09-18 16:05:37.125] [INFO] [Thread: pool-1-thread-3] [TRANSFER] Transferred ₹250.00 from SB341567 (Bal: ₹50000.00) to SB801881 (Bal: ₹50000.00)
[2026-09-18 16:05:37.148] [INFO] [Thread: pool-1-thread-10] [TRANSFER] Transferred ₹250.00 from SB801881 (Bal: ₹49750.00) to SB341567 (Bal: ₹50250.00)
[2026-09-18 16:05:37.171] [INFO] [Thread: pool-1-thread-2] [TRANSFER] Transferred ₹250.00 from SB341567 (Bal: ₹50000.00) to SB801881 (Bal: ₹50000.00)
[2026-09-18 16:05:37.194] [INFO] [Thread: pool-1-thread-7] [TRANSFER] Transferred ₹250.00 from SB801881 (Bal: ₹49750.00) to SB341567 (Bal: ₹50250.00)
[2026-09-18 16:05:37.221] [INFO] [Thread: pool-1-thread-1] [TRANSFER] Transferred ₹250.00 from SB341567 (Bal: ₹50000.00) to SB801881 (Bal: ₹50000.00)
[2026-09-18 16:05:37.243] [INFO] [Thread: pool-1-thread-8] [TRANSFER] Transferred ₹250.00 from SB801881 (Bal: ₹49750.00) to SB341567 (Bal: ₹50250.00)
[2026-09-18 16:05:37.266] [INFO] [Thread: pool-1-thread-6] [TRANSFER] Transferred ₹250.00 from SB341567 (Bal: ₹50000.00) to SB801881 (Bal: ₹50000.00)
[2026-09-18 16:05:37.291] [INFO] [Thread: pool-1-thread-5] [TRANSFER] Transferred ₹250.00 from SB801881 (Bal: ₹49750.00) to SB341567 (Bal: ₹50250.00)
[2026-09-18 16:05:37.312] [INFO] [Thread: pool-1-thread-9] [TRANSFER] Transferred ₹250.00 from SB341567 (Bal: ₹50000.00) to SB801881 (Bal: ₹50000.00)
[2026-09-18 16:05:37.334] [INFO] [Thread: pool-1-thread-4] [TRANSFER] Transferred ₹250.00 from SB801881 (Bal: ₹49750.00) to SB341567 (Bal: ₹50250.00)
[2026-09-18 16:05:37.355] [INFO] [Thread: pool-1-thread-3] [TRANSFER] Transferred ₹250.00 from SB341567 (Bal: ₹50000.00) to SB801881 (Bal: ₹50000.00)
[2026-09-18 16:05:37.376] [INFO] [Thread: pool-1-thread-10] [TRANSFER] Transferred ₹250.00 from SB801881 (Bal: ₹49750.00) to SB341567 (Bal: ₹50250.00)
[2026-09-18 16:05:37.397] [INFO] [Thread: pool-1-thread-2] [TRANSFER] Transferred ₹250.00 from SB341567 (Bal: ₹50000.00) to SB801881 (Bal: ₹50000.00)
[2026-09-18 16:05:37.426] [INFO] [Thread: pool-1-thread-7] [TRANSFER] Transferred ₹250.00 from SB801881 (Bal: ₹49750.00) to SB341567 (Bal: ₹50250.00)
[2026-09-18 16:05:37.454] [INFO] [Thread: pool-1-thread-1] [TRANSFER] Transferred ₹250.00 from SB341567 (Bal: ₹50000.00) to SB801881 (Bal: ₹50000.00)
[2026-09-18 16:05:37.477] [INFO] [Thread: pool-1-thread-8] [TRANSFER] Transferred ₹250.00 from SB801881 (Bal: ₹49750.00) to SB341567 (Bal: ₹50250.00)
[2026-09-18 16:05:37.498] [INFO] [Thread: pool-1-thread-6] [TRANSFER] Transferred ₹250.00 from SB341567 (Bal: ₹50000.00) to SB801881 (Bal: ₹50000.00)
[2026-09-18 16:05:37.520] [INFO] [Thread: pool-1-thread-5] [TRANSFER] Transferred ₹250.00 from SB801881 (Bal: ₹49750.00) to SB341567 (Bal: ₹50250.00)
[2026-09-18 16:05:37.546] [INFO] [Thread: pool-1-thread-9] [TRANSFER] Transferred ₹250.00 from SB341567 (Bal: ₹50000.00) to SB801881 (Bal: ₹50000.00)
[2026-09-18 16:05:37.570] [INFO] [Thread: pool-1-thread-4] [TRANSFER] Transferred ₹250.00 from SB801881 (Bal: ₹49750.00) to SB341567 (Bal: ₹50250.00)
[2026-09-18 16:05:37.590] [INFO] [Thread: pool-1-thread-3] [TRANSFER] Transferred ₹250.00 from SB341567 (Bal: ₹50000.00) to SB801881 (Bal: ₹50000.00)
[2026-09-18 16:05:37.612] [INFO] [Thread: pool-1-thread-10] [TRANSFER] Transferred ₹250.00 from SB801881 (Bal: ₹49750.00) to SB341567 (Bal: ₹50250.00)
[2026-09-18 16:05:37.633] [INFO] [Thread: pool-1-thread-2] [TRANSFER] Transferred ₹250.00 from SB341567 (Bal: ₹50000.00) to SB801881 (Bal: ₹50000.00)
[2026-09-18 16:05:37.654] [INFO] [Thread: pool-1-thread-7] [TRANSFER] Transferred ₹250.00 from SB801881 (Bal: ₹49750.00) to SB341567 (Bal: ₹50250.00)
[2026-09-18 16:05:37.676] [INFO] [Thread: pool-1-thread-1] [TRANSFER] Transferred ₹250.00 from SB341567 (Bal: ₹50000.00) to SB801881 (Bal: ₹50000.00)
[2026-09-18 16:05:37.700] [INFO] [Thread: pool-1-thread-8] [TRANSFER] Transferred ₹250.00 from SB801881 (Bal: ₹49750.00) to SB341567 (Bal: ₹50250.00)
[2026-09-18 16:05:37.725] [INFO] [Thread: pool-1-thread-6] [TRANSFER] Transferred ₹250.00 from SB341567 (Bal: ₹50000.00) to SB801881 (Bal: ₹50000.00)
[2026-09-18 16:05:37.748] [INFO] [Thread: pool-1-thread-5] [TRANSFER] Transferred ₹250.00 from SB801881 (Bal: ₹49750.00) to SB341567 (Bal: ₹50250.00)
[2026-09-18 16:05:37.776] [INFO] [Thread: pool-1-thread-9] [TRANSFER] Transferred ₹250.00 from SB341567 (Bal: ₹50000.00) to SB801881 (Bal: ₹50000.00)
